// Jest Snapshot v1, https://goo.gl/fbAQLP

exports[`ProductDescription rendering renders correctly 1`] = `
<span
  className="product-description"
/>
`;
