// Jest Snapshot v1, https://goo.gl/fbAQLP

exports[`ProductRating rendering renders correctly 1`] = `
<span
  className="product-rating"
/>
`;
