// Jest Snapshot v1, https://goo.gl/fbAQLP

exports[`Product rendering renders correctly 1`] = `
<div
  className="product"
>
  <img
    className="product-cover"
  />
  <ProductInfo
    movie={Array []}
  />
</div>
`;
