// Jest Snapshot v1, https://goo.gl/fbAQLP

exports[`Result rendering renders correctly 1`] = `
<div
  className="result"
>
  <ResultPanel />
  <ResultBody />
</div>
`;
