// Jest Snapshot v1, https://goo.gl/fbAQLP

exports[`ErrorBoundary rendering renders correctly 1`] = `""`;
