// Jest Snapshot v1, https://goo.gl/fbAQLP

exports[`ResultList rendering renders correctly 1`] = `
<div>
  <ul
    className="result-list"
  >
    <ResultItem
      id={1}
      key="1"
      posterPath="posterPath"
      releaseDate="rele"
      tagline="tagline"
      title="title"
    />
  </ul>
</div>
`;
