// Jest Snapshot v1, https://goo.gl/fbAQLP

exports[`ResultItem rendering renders correctly 1`] = `
<div
  className="result-item"
>
  <img
    className="result-item-cover"
  />
  <ItemInfo />
</div>
`;
