// Jest Snapshot v1, https://goo.gl/fbAQLP

exports[`ResultPanel rendering renders correctly 1`] = `
<div
  className="result-panel"
>
  <ResultInfo />
  <Connect(ResultSort) />
</div>
`;
